let () =
  Alcotest.run "Main" [
    "Secondary tests", [
      "Capit", `Quick, Secondary_tests.test_capit;
      "Plus", `Quick, Secondary_tests.test_plus;
      "Capit another4", `Quick, Secondary_tests.test_capit_another4;
    ];
    "Primary tests", [
      "Capit", `Quick, Primary_tests.test_capit;
      "Plus", `Quick, Primary_tests.test_plus;
      "Capit another", `Quick, Primary_tests.test_capit_another;
    ];
  ]
